// Jest Snapshot v1, https://goo.gl/fbAQLP

exports[`imageDifference alphaBackground 1`] = `
Object {
  "pixels": 0,
  "score": 0,
  "scoreRaw": 0,
}
`;

exports[`imageDifference boxShadow 1`] = `
Object {
  "pixels": 0,
  "score": 0,
  "scoreRaw": 0,
}
`;

exports[`imageDifference imageCompression 1`] = `
Object {
  "pixels": 0,
  "score": 0,
  "scoreRaw": 0,
}
`;

exports[`imageDifference imageCompression2 1`] = `
Object {
  "pixels": 0,
  "score": 0,
  "scoreRaw": 0,
}
`;

exports[`imageDifference simple with enough fuzz 1`] = `
Object {
  "pixels": 0,
  "score": 0,
  "scoreRaw": 0,
}
`;
